// Jest Snapshot v1, https://goo.gl/fbAQLP

exports[`Divider component should match to snapshot 1`] = `
.c0 {
  padding: 0;
  margin: 0;
  font: inherit;
  -webkit-letter-spacing: inherit;
  -moz-letter-spacing: inherit;
  -ms-letter-spacing: inherit;
  letter-spacing: inherit;
  list-style: none;
  color: inherit;
  background-color: inherit;
  border: none;
  border-radius: 0;
  width: 100%;
  text-align: inherit;
  -webkit-text-decoration: inherit;
  text-decoration: inherit;
  cursor: inherit;
  outline: none;
  caret-color: inherit;
}

.c1 {
  background-color: gray;
}

.c1.vertical {
  width: 1px;
  height: 100px;
}

.c1.horizontal {
  width: 100%;
  height: 1px;
}

<div>
  <div
    class="c0 c1  horizontal"
  />
</div>
`;
