// Jest Snapshot v1, https://goo.gl/fbAQLP

exports[`WeeklyCalendar component should match to snapshot 1`] = `
<div>
  <div
    class=""
  />
</div>
`;
